limited
suicidal
protest
lurking
controversial
hating
ridiculous
hate
aggression
regretted
violate
poorest
scold
bailout
sorry
regrets
struck
misreporting
vociferous
lurk
misunderstanding
distort
stolen
uncertain
stabbed
screaming
disturb
exaggerate
harried
nigger
quaking
monopolized
censors
shithead
tired
warns
emptiness
loathing
errors
hide
wreck
beaten
poison
victims
shocks
unmotivated
avert
interrupting
prblms
oversells
deferring
postpones
oxymoron
stressed
lonesome
unwanted
postponed
missing
criticism
dehumanize
cheats
criminals
negative
insult
strike
made-up
expose
hurt
grief
disruption
frenzy
blocking
shoot
disappointing
somber
refusing
worn
lugubrious
criticizing
defer
pollute
unjust
shattered
indifferent
cocksucker
farce
anguish
puzzled
nuts
damage
uncredited
aching
moron
disappoint
bankster
undesirable
badly
uselessness
flustered
mess
insecure
lag
demanding
wrong
sentencing
ambivalent
complacent
steals
worst
greed
restriction
dirtiest
derides
derided
polluters
destroyed
affected
litigious
prevented
collide
avoids
mongering
interrupt
saddened
gloom
arrested
dumps
misbehave
vitriolic
interruption
tricked
contend
touts
pesky
lurks
loathe
ranter
sluggish
disputed
barrier
threatened
revenge
mourning
admits
unconvinced
disputes
struggle
exposing
brooding
disturbed
hopeless
ineffectively
enraged
wronged
rant
downside
enrages
snubbing
dysfunction
cheerless
rejects
lawsuits
combats
tragic
inconvenient
bitter
lunatics
troubled
murder
collapse
rejected
wasted
anxiety
coward
guilt
slashes
pessimism
upset
antagonistic
unconcerned
forced
isolated
impotent
yucky
indoctrinate
unsecured
incapable
distracts
vexing
disjointed
sulking
treasonous
stupid
alarm
flop
solemn
demoralized
unsophisticated
annoyed
bomb
hunger
dupe
disturbs
smog
unemployment
contagions
disgust
enslave
jailed
criticizes
stop
denounce
unfair
frowning
haunted
oversell
affronted
interrogated
angers
arrests
idiotic
fraudsters
heavyhearted
bad
ban
ruins
erroneous
mandatory
disaster
thwarting
horrendous
fail
disturbing
resigned
pressured
green wash
scorn
lethargic
indecisive
lazy
felony
restricting
weak
ignorance
weary
wtf
debt
pity
accident
disdain
ill
demanded
agonise
indoctrinating
monopolize
disappears
overstatements
greenwashing
greenwashers
persecuting
trickery
parley
condemned
victimizing
bothers
startled
jackass
incompetent
attacked
doubts
haters
censored
cunt
distorts
inhibit
harms
illiteracy
ugly
slam
stopping
murders
dehumanizes
chilling
mistake
pessimistic
vulnerability
unresearched
dumped
defeated
fakes
shame
dizzy
moping
appalling
greenwash
disappear
constrained
misunderstood
disparages
damages
disparaged
naive
harming
blames
misery
evil
outmaneuvered
jealous
blamed
shitty
failing
detained
flops
dipshit
bereave
sentence
envious
disguise
victim
swears
resigning
assassination
passive
prison
moody
expelled
threatens
mocked
insensitive
bastards
disadvantage
dishonest
disillusioned
notorious
drowned
stereotype
dead
escape
prick
bore
enemies
denies
combat
disheartened
rebellion
denied
pollutes
polluter
beating
bamboozle
alarmists
disappeared
losing
limitation
boycotts
derailed
attacks
choke
despair
disqualified
dilemma
lied
wasting
prisoners
detention
obscene
unstable
stall
frightened
strangely
annoyance
deception
unfocused
fight
fucking
war
lowest
starve
underestimated
forgetful
failure
underestimates
injury
ruined
torturing
faking
propaganda
looms
disgrace
scandalous
sinful
assassinations
pileup
annoying
shit
oversimplification
eerie
looses
confusing
misinterpreted
denier
scream
assfucking
funerals
died
derail
warn
apologizing
cheated
apology
cheater
optionless
menaced
bereaving
drained
rob
battle
polluted
misread
deceitful
disgusting
abhorrent
dissatisfied
negativity
terror
retreat
fatigues
slash
apeshit
gloomy
mourn
fatigued
feeble
die
accidentally
leave
denounces
unaware
prevent
fearing
insignificant
sigh
obsolete
helpless
irritated
acrimonious
rapist
self-deluded
curse
jeopardy
havoc
suspect
falling
axed
unsure
funeral
victimized
envy
confused
persecuted
oversimplify
messing up
coerced
guilty
pseudoscience
ineffective
weird
motherfucking
charmless
bloody
betraying
fake
scam
crisis
disguising
dolorous
homesick
unimpressed
angry
resigns
riot
swearing
downhearted
drown
dismal
degrade
douche
niggas
pretend
flu
inflamed
wanker
drags
detached
lobbying
fuck
disbelieve
hides
provoke
unlovable
bankrupt
fuming
agonizing
misleading
dehumanizing
unbelievable
irrational
critics
averted
disgusted
heartbreaking
mad
destructive
fraudulence
disconsolate
stupidly
nosey
thorny
deceive
offend
worsens
foreclosure
shaky
unacceptable
suicide
fatalities
cuts
irresolute
blocked
dreading
torn
troubles
abhorred
swindle
undermines
overreacted
lonely
accusations
devastated
reject
sarcastic
singleminded
bullshit
undermining
drop
does not work
careless
vexation
snubbed
stalling
fired
crushing
avoided
disasters
hysteria
giddy
infuriated
monopolizes
irony
agonises
cancels
infuriates
collisions
condemns
trauma
hacked
agonised
inaction
phobic
vicious
disrespect
felonies
crazier
envies
disguised
collapsing
impose
disguises
apologising
bothersome
outcry
neglect
blind
suspend
suspended
suing
lags
agonising
ashame
rageful
monopolizing
derision
oversimplifies
stifled
persecute
oversimplified
seduced
alas
slashed
petrified
fuking
depressed
damned
questionable
illness
contentious
sad
conspiracy
distorted
anger
shocked
violates
defenseless
destroy
deniers
pain
oppressive
betrayal
suspects
insanity
envying
can't stand
discarding
axe
cheat
infuriate
aggressive
stressor
strangled
dick
robs
embittered
crime
dejecting
tears
travesty
outrage
dreaded
dispute
haplessness
unethical
verdicts
wrathful
sabotage
obliterate
imbecile
worried
overreaction
spam
prevents
disparage
worrying
ignored
lethargy
imposing
violated
whitewash
fucktard
dickhead
slashing
ignores
fails
belittled
mope
moaned
pained
killing
blame
hurts
moans
grieved
undermine
tout
disappointment
protesters
cornered
sulky
cancer
accusation
exploit
anti
cancel
perpetrators
bizarre
panics
screams
punishes
collides
brainwashing
punished
ruining
aggressions
shortages
mocking
suspected
colluding
sedition
apologised
apologises
cancelled
abducted
falsified
huckster
unsupported
dubious
blah
bias
ironic
worry
resentful
harsh
dithering
underestimate
weakness
struggling
intimidation
weep
complained
longing
charges
disregards
no
severe
inability
no fun
charged
diffident
robing
exaggerating
pissing
kill
madness
alarmist
death
clueless
deceiving
disputing
mournful
starving
kills
boycotted
disappointed
vague
tremulous
distrustful
possessive
terrorize
discarded
dirtier
burdens
hysterics
exposed
pushy
short-sightedness
slavery
exposes
gross
noob
douchebag
deficit
apocalyptic
destroys
biased
racism
sadden
stereotyped
disparaging
broken
stops
contagion
smear
tumor
scornful
perturbed
protests
apologize
annoys
loathed
totalitarian
betrays
mindless
racist
hysterical
allergic
ranters
mischief
mourns
unsettled
stressors
delayed
strikes
fascists
irreversible
abused
fraud
rage
overreacts
dirty
abuses
ennui
deadlock
illnesses
leaked
fright
exhausted
bamboozled
censor
bamboozles
casualty
selfish
strikers
pensive
idiot
conflictive
short-sighted
undermined
fools
dismayed
victimize
overreact
mourned
apathy
not working
fraudulent
doubted
restricted
burdening
liar
forget
vile
lack
pique
sappy
dreadful
catastrophe
riots
revengeful
robber
remorse
restrict
distorting
libelous
infringement
crestfallen
rape
awful
robed
fag
fad
abandoned
misinformation
fearful
liars
mistaking
son-of-a-bitch
apologizes
darkness
skeptic
disruptions
zealots
overload
crush
apologized
undecided
starved
falsify
escaping
unprofessional
loose
overstatement
motherfucker
rigged
disastrous
hopelessness
tragedy
cock
horrified
heartbroken
murdering
dehumanized
cowardly
snub
deject
irritate
wavering
fraudster
inquisition
problem
excuse
broke
retained
doom
unfulfilled
offender
sucks
offended
abandon
stubborn
embarrassing
neglected
boycott
collision
exclude
condemn
unappreciated
prosecution
obnoxious
awkward
terribly
needy
abhors
peril
controversially
disgraced
questioning
numb
hooliganism
refuse
criticize
n00b
spiteful
dread
deafening
pay
enslaved
outraged
hell
suffer
trouble
arrogant
messed
averts
bummer
fool
hurting
abandons
fuckface
moaning
belittle
complain
desperately
imprisoned
scumbag
stopped
shocking
disorganized
neglects
harm
shock
restless
hard
oppressed
gun
punitive
deride
suspecting
seditious
gullible
missed
miss
childish
disquiet
offline
ass
nervously
bully
pathetic
dirt
dire
hapless
disadvantaged
stampede
threat
fallen
unhealthy
stabs
contender
disregarded
shameful
defects
totalitarianism
touting
bullied
regret
moan
threatening
shamed
dumbass
imperfect
disrespected
grey
hooligans
risks
insulted
sentenced
suspicious
defect
sentences
vulnerable
misrepresentation
speculative
trapped
lackadaisical
aggravating
contestable
frauds
inconvenience
boycotting
unequal
squelched
greenwasher
hindrance
fainthearted
dragged
dodging
stunned
agonize
degrades
aghast
dejects
degraded
distressing
aggravate
nervous
ruin
unhappy
penalty
failed
betray
indifference
devastate
banned
hid
pretending
damnit
frightening
distraction
enemy
contagious
disregarding
violent
thwarts
mistakes
withdrawal
poisoned
relentless
repulsed
insane
cramp
dump
dumb
threats
rejecting
silly
piss
cancelling
naïve
hardship
fidgety
intimidated
persecutes
fatality
betrayed
intimidates
hesitant
offending
chastising
timorous
scams
forgotten
poverty
cynic
faggots
distress
drunk
stuck
deceit
eviction
worthless
victimizes
dud
damn
threaten
empty
fire
cruelty
disruptive
misbehaving
demand
gag
poised
loom
misunderstands
postponing
cashing in
terrorizes
fud
error
flees
walkouts
costly
overlooked
hoax
obstacle
frantic
rig
alone
unworthy
choking
perpetrator
madly
itchy
conflict
displeased
absentees
overweight
alert
timid
starves
cocksuckers
regretting
appalled
exploits
cocky
cut
hated
questioned
crying
eery
hates
useless
complains
emergency
demands
joyless
condemnation
suffering
skeptical
worsening
imposed
lost
ignore
distrust
imposes
provoking
mediocrity
foolish
disorder
goddamn
unloved
disinclined
urgent
loser
selfishness
prosecutes
collapses
warnings
stingy
prosecuted
apathetic
jumpy
hypocritical
refused
looming
ache
unconfirmed
cautious
discontented
exaggerated
firing
stricken
block
exaggerates
abusive
nonsense
awaited
piteous
colliding
risk
infuriating
sneaky
infected
grave
bored
insensitivity
collapsed
undeserving
dull
wicked
repulse
devastating
haunt
warning
denying
disappoints
rainy
sullen
paradox
tard
preventing
tits
mock
scapegoat
accidental
scandals
problems
resign
drag
worsened
suffers
downcast
humiliated
attacking
impatient
bribe
ignorant
menace
avoid
discards
rants
screwed up
spamming
expelling
obstinate
excluded
dislike
enslaves
chagrined
murderous
torture
manipulated
accuse
abduction
cover-up
anxious
verdict
jerk
unsatisfied
chastise
uncomfortable
manipulating
odd
mischiefs
melancholy
upsetting
misgiving
irritating
uneasy
distressed
haunts
fuked
distresses
panicked
danger
terrified
apprehensive
crazy
offends
scandal
droopy
crap
illegal
doubt
weeping
bitterly
noisy
sore
unbelieving
ashamed
disabling
duped
annoy
challenge
critic
walkout
recession
violence
escapes
contempt
hesitate
despairs
destroying
struggles
delay
fearsome
struggled
tension
blocks
incompetence
await
bothered
perjury
abuse
fatigue
criticized
dont like
lame
interrupted
trembling
furious
widowed
doubtful
nasty
exclusion
stalled
criminal
violating
crash
cutting
twat
terrible
admonished
panic
expels
trap
incapacitated
disregard
cry
thwart
aggravates
aggravated
burdened
incensed
enraging
chaos
fascist
postpone
despairing
jackasses
shortage
greedy
loomed
conflicts
embarrass
shrew
scary
hostile
steal
sleeplessness
sorrowful
scare
distracted
embarrasses
pitied
confuse
embarrassed
mocks
bitch
lagging
foreclosures
suck
unapproved
sadly
cynical
fuckers
silencing
attack
misinformed
craziest
chagrin
punish
doomed
apologise
dreary
depressing
manipulation
warfare
boring
bother
tortured
swindles
tortures
pretends
misunderstand
accusing
thwarted
woebegone
poisons
miserable
demonstration
bastard
afraid
boastful
battles
provokes
skeptics
provoked
asshole
underestimating
snubs
alienation
clash
prblm
disappointments
harmful
prisoner
alarmed
deny
fiasco
contemptuous
sceptical
fear
darkest
litigation
rash
fatiguing
inferior
indignant
prosecute
doubting
harmed
dodgy
spammers
gray
worse
deceives
shy
dejected
thoughtless
deceived
accuses
humiliation
expel
catastrophic
accused
desperate
zealot
awaits
exploited
insulting
cheaters
frustrates
green washing
injustice
horrible
harsher
frustrated
subversive
fed up
sorrow
regretful
embarrassment
poorer
lawsuit
absentee
direful
limits
powerless
admit
deriding
unclear
cynicism
pissed
waste
chastised
perplexed
harshest
interrupts
spammer
tense
chastises
swindling
piqued
banish
toothless
intimidate
irate
frustrating
loathes
agonized
chaotic
unintelligent
agonizes
whore
lunatic
maddening
defiant
strange
difficult
injured
conflicting
spiritless
overselling
retarded
fucker
bullying
discredited
discouraged
fucked
skepticism
lobby
destruction
retard
frikin
discounted
obstacles
disoriented
enrage
failures
drowns
cried
discord
mumpish
misbehaves
mistaken
cries
glum
misbehaved
afflicted
terrorized
passively
killed
arrest
exempt
despondent
indignation
clouded
myth
crushed
virulent
livid
burden
crushes
woeful
loss
racists
exploiting
admitted
warned
nerves
poor
scared
neglecting
leak
corpse
anguished
screwed
worsen
blurry
murderer
hooligan
chokes
slut
pressure
uptight
scapegoats
choked
frustrate
hiding
inconsiderate
swear
discard
contending
obliterated
screamed
badass
lagged
indoctrinates
restricts
frustration
indoctrinated
touted
abductions
bitches
not good
blaming
admonish
fuckhead
contemptuously
protesting
distract
cruel
gagged
gullibility
faggot
horrific
intimidating
inadequate
meaningless
upsets
immobilized
detain
sick
reckless
derails
profiteer
traumatic
treason
insults
stab
animosity
ghost
insipid
bereaves
disconsolation
accidents
abhor
bereaved
