pardon
desirable
increase
granting
attracted
gratification
courageous
solution
pardons
triumph
enjoy
landmark
elegant
fabulous
rigorous
desirous
integrity
jocular
endorse
hero
festive
active
kudos
rigorously
launched
fantastic
secure
sparkling
achievable
cherishing
appeasing
motivate
calm
recommend
committing
supporters
successful
haha
award
sobering
excellent
join
worth
elegantly
joyous
laughs
want
attract
guarantee
amazing
trusted
significance
loyalty
astoundingly
sparkles
meaningful
splendid
effective
wins
attracts
appreciate
greet
stimulate
daredevil
consent
rotfl
innovative
responsive
cool stuff
welcomes
fit
powerful
safe
supporter
soothing
lenient
brightness
absolve
fitness
entitled
luck
exhilarated
celebrating
exhilarates
substantially
absolves
god
sparkle
encourage
heavenly
free
fervid
boosting
enlightened
jubilant
tolerant
attractions
reassure
lovable
clarity
euphoric
euphoria
enthral
conciliated
conciliates
positively
mercy
matter
mirth
feeling
self-confident
willingness
enchanted
strengthening
strength
reassuring
responsible
elation
recommended
absorbed
laughed
enlightens
visionary
debonair
relieving
exonerate
lifesaver
entertaining
marvel
pardoned
inspire
rapture
solutions
acquit
bliss
adequate
explorations
rescues
ethical
fascinating
sincerest
best
clarifies
meditative
hopefully
rotflol
extend
admiring
improve
protect
adventures
peacefully
honouring
irresponsible
trust
confident
interest
easy
prosperous
sunshine
excite
wowow
gracious
save
roflmao
congratulation
laughting
vindicate
pardoning
acquitting
tops
greeted
delight
consents
opportunity
inspires
greatest
appease
agog
thanks
yes
convivial
enlighten
rapturous
terrific
ease
advanced
beloved
perfects
celebrates
dreams
desire
gift
honored
exonerates
proudly
coziness
dear
perfected
congratulate
humor
creative
honoured
adorable
bold
super
accepts
blithe
ensure
cherish
commit
delighted
thankful
support
happy
overjoyed
vitality
astonished
true
congratulations
invincible
bargain
adore
fulfills
promises
soothe
promised
sprightly
faithful
interested
ambitious
outreach
smile
restores
loyal
restored
remarkable
relieve
grateful
devoted
soothed
anticipation
praises
honoring
amaze
praised
advantage
forgiving
cool
impressive
solves
solved
excellence
attracting
brave
comforting
celebrated
pleased
shared
supporting
honour
accomplishes
brilliant
proud
accomplished
breathtaking
love
humour
hardier
marvelous
sympathetic
cherishes
positive
cherished
loving
conciliating
share
wooo
flagship
hope
growing
stimulating
lighthearted
admired
dedicated
awesome
glamourous
chic
validated
secured
immune
endorsement
secures
improving
heroes
natural
amuse
youthful
cute
wishing
playful
lovelies
avid
thank
interesting
attraction
captivated
compelled
wealthy
intrigues
yeah
breakthrough
amusement
accomplish
worshiped
advantages
ominous
care
honest
funky
winwin
aboard
entrusted
surviving
encourages
legally
hug
appreciates
appreciated
lmao
favors
optimism
protected
proactive
usefulness
prospect
jewels
relaxed
unmatched
cleared
lawl
steadfast
adopt
applauding
bright
scoop
help
woow
welcomed
defenders
rejoiced
satisfied
rejoices
hailed
consolable
justified
celebrate
astounds
superb
jokes
vision
rewarded
encouraged
enlightening
fascinated
enjoys
fascinates
fearless
jovial
awards
spark
frisky
yeees
smartest
grants
better
capable
swift
jaunty
peaceful
blessing
unified
careful
spirit
raptured
sincere
oks
embrace
raptures
engages
fame
granted
favorited
applaud
boosted
cheers
favorites
cheery
amazes
solve
reward
amazed
greetings
dauntless
adventurous
joyful
reassured
earnest
accepted
endorses
greeting
miracle
benefit
laughing
passionate
endorsed
intact
slick
legal
restoring
welcome
lmfao
indestructible
exultantly
exciting
fondness
joyfully
zealous
cares
favorite
boldly
masterpieces
lively
empathetic
innovates
exonerated
lol
futile
decisive
exasperated
vested
sophisticated
promote
resolving
treasure
agree
affection
certain
tranquil
amused
gaining
obsessed
important
fresh
applause
thoughtful
opportunities
enjoying
carefree
saved
fan
elated
heaven
enrapture
methodical
vivacious
appreciating
yummy
strong
untarnished
inspired
masterpiece
gleeful
whimsical
promoting
hurrah
diamond
brisk
glad
beautiful
virtuous
accept
protects
huge
calms
comfort
ratified
hugs
adventure
wishes
pleasure
dream
heartfelt
committed
smiling
pray
solving
nifty
good
motivated
slicker
bless
reassures
noble
resolute
ftw
jolly
safety
paradise
warm
favored
commits
forgive
pleasant
brightest
backed
heroic
benefits
success
cheering
top
sympathy
humourous
validate
kinder
revive
wonderful
rescue
relieved
convinces
appreciation
luckily
treasures
convinced
grace
relieves
kind
picturesque
spirited
restful
cleaner
motivation
outstanding
strengthen
rewards
blissful
applauded
serene
approves
reach
charm
significant
accepting
approved
funnier
once-in-a-lifetime
clear
clean
amusements
fond
shares
carefully
defender
fine
justice
pretty
gains
revered
courage
resolve
boost
courteous
tender
wow
please
woo
determined
right direction
vindicated
unstoppable
vindicates
prospects
improved
influential
adored
improves
liked
sweet
rofl
likes
vindicating
improvement
affectionate
solid
straight
admire
healthy
substantial
fun
hoping
backing
astound
beautifully
funny
stimulates
grant
engrossed
stimulated
grand
esteemed
praising
comprehensive
absolved
haunting
robust
cheer
inspirational
clears
absolving
abilities
reliant
competitive
exonerating
vigilant
useful
praying
eager
excited
motivating
big
rotflmfao
matters
dearly
like
sincerely
vibrant
popular
humorous
strongest
curious
irresistible
visioning
thrilled
innovation
swiftly
agreement
intense
faith
greets
hahahah
calming
impressed
impresses
invite
audacious
delighting
alive
hopes
gallantry
redeemed
exploration
mature
highlight
validates
genial
peace
backs
unequaled
nice
smiles
energetic
prepared
helping
smiled
rescued
cheerful
infatuation
intricate
suave
helps
stable
friendly
slickest
asset
compassionate
comforts
calmed
exuberant
ardent
appeased
appeases
desired
focused
sexy
enterprising
great
engage
survivor
honor
win
hardy
confidence
cheered
agreeable
clever
rich
impress
charming
benefitting
praise
fulfill
admires
effectively
wowww
united
daring
buoyant
rejoicing
humerous
fortunate
justifiably
comedy
intelligent
solidarity
acquitted
prays
allow
classy
beauties
boosts
perfect
superior
glee
winning
revives
greater
commended
kiss
mirthful
blesses
gallant
hilarious
supports
keen
reaches
jesus
reached
salient
exhilarating
perfectly
adopts
interests
innovate
applauds
astounded
loved
glamorous
comfortable
recommends
sincerity
blockbuster
clearly
congrats
courtesy
medal
fervent
fair
enthusiastic
stronger
survived
exclusive
chances
agreed
supported
beatific
agrees
inspiring
conciliate
winner
hopeful
won
lucky
exultant
marvels
wish
strengthened
yearning
triumphant
wealth
invulnerable
favor
beautify
progress
ability
importance
joy
vitamin
merry
approval
joke
fulfilled
safely
glorious
commend
competent
laugh
validating
ensuring
novel
adores
promotes
stunning
hahaha
promoted
encouragement
respected
optimistic
unbiased
romance
smarter
privileged
expand
fascinate
restore
stout
happiness
generous
extends
roflcopter
smart
resolved
increased
mirthfully
resolves
prominent
helpful
inviting
inquisitive
hail
immortal
growth
supportive
rewarding
woohoo
benefitted
reaching
worthy
gained
visions
freedom
commitment
promise
godsend
rejoice
awarded
stamina
relishing
gain
ha
assets
lovely
glory
warmth
excitement
convince
delights
strengthens
goodness
authority
infatuated
gallantly
ecstatic
astounding
chance
acquits
inspiration
jewel
expands
